[    8387ms] [ERROR] Failed to load resource: the server responded with a status of 502 () @ chrome-error://chromewebdata/:0
[   96398ms] [INFO] Autofocus processing was blocked because a document already has a focused element. @ http://nas.tailnas.friddle.me/#/signin:0
[  161816ms] [WARNING] Failed to execute 'write' on 'Document': It isn't possible to write into a document from an asynchronously-loaded external script unless it is explicitly opened. @ http://nas.tailnas.friddle.me/scripts/scrollbar/flexcroll.js?v=86009-s3:16
[ 3107455ms] [ERROR] Failed to load resource: the server responded with a status of 502 (Bad Gateway) @ http://nas.tailnas.friddle.me/webapi/entry.cgi:0
[ 3107460ms] [ERROR] Failed to load resource: the server responded with a status of 502 (Bad Gateway) @ http://nas.tailnas.friddle.me/webapi/entry.cgi:0
[ 3107463ms] [ERROR] constructor @ http://nas.tailnas.friddle.me/webman/modules/Widgets/Main.js?v=86009-s3&SynoToken=lPqPzVv2BORi6:2
[ 3107467ms] [ERROR] Failed to load resource: the server responded with a status of 502 (Bad Gateway) @ http://nas.tailnas.friddle.me/webapi/entry.cgi:0
[ 3107468ms] [ERROR] Failed to load resource: the server responded with a status of 502 (Bad Gateway) @ http://nas.tailnas.friddle.me/webapi/entry.cgi:0
[ 3107468ms] [ERROR] Failed to load resource: the server responded with a status of 502 (Bad Gateway) @ http://nas.tailnas.friddle.me/webapi/entry.cgi:0
[ 3107469ms] [ERROR] aa @ http://nas.tailnas.friddle.me/webman/modules/Widgets/Main.js?v=86009-s3&SynoToken=lPqPzVv2BORi6:2
[ 3107476ms] TypeError: Cannot read properties of null (reading 'isAbort')
    at aa.pollResultHandler (http://nas.tailnas.friddle.me/webman/3rdparty/StorageManager/storage.js?v=86009-s3&SynoToken=lPqPzVv2BORi6:3:3785)
    at k.onCallback (http://nas.tailnas.friddle.me/synoSDSjslib/dist/sds.bundle.js?v=1756981479:1:82988)
    at q.w (http://nas.tailnas.friddle.me/synoSDSjslib/dist/sds.bundle.js?v=1756981479:1:127691)
    at http://nas.tailnas.friddle.me/synoSDSjslib/dist/sds.bundle.js?v=1756981479:1:119147
[ 3107529ms] [ERROR] Failed to load resource: the server responded with a status of 502 (Bad Gateway) @ http://nas.tailnas.friddle.me/webapi/entry.cgi:0
[ 3112460ms] [ERROR] Failed to load resource: the server responded with a status of 502 (Bad Gateway) @ http://nas.tailnas.friddle.me/webman/modules/PkgManApp/images/assets/b349cd31e7028b4e1475.png:0
[ 3112461ms] [ERROR] Failed to load resource: the server responded with a status of 502 (Bad Gateway) @ http://nas.tailnas.friddle.me/webapi/entry.cgi:0
[ 3112462ms] [ERROR] Failed to load resource: the server responded with a status of 502 (Bad Gateway) @ http://nas.tailnas.friddle.me/webman/modules/PkgManApp/images/assets/2ac260fa86591ebf17ef.png:0
[ 3112462ms] [ERROR] Failed to load resource: the server responded with a status of 502 (Bad Gateway) @ http://nas.tailnas.friddle.me/webman/modules/PkgManApp/images/assets/b2a34969b6552a0c9967.png:0
[ 3112462ms] [ERROR] Failed to load resource: the server responded with a status of 502 (Bad Gateway) @ http://nas.tailnas.friddle.me/webman/modules/PkgManApp/images/assets/e66457a5067ce0b9235c.png:0
[ 3112465ms] TypeError: Cannot read properties of null (reading 'code')
    at aa.callback (http://nas.tailnas.friddle.me/webman/3rdparty/SynologyDrive/desktop_index_tray.js?v=4.0.3-27892&SynoToken=lPqPzVv2BORi6:3:6498)
    at k.onCallback (http://nas.tailnas.friddle.me/synoSDSjslib/dist/sds.bundle.js?v=1756981479:1:82988)
    at k.w (http://nas.tailnas.friddle.me/synoSDSjslib/dist/sds.bundle.js?v=1756981479:1:127691)
    at http://nas.tailnas.friddle.me/synoSDSjslib/dist/sds.bundle.js?v=1756981479:1:118244
[ 3112532ms] [ERROR] Failed to load resource: the server responded with a status of 502 (Bad Gateway) @ http://nas.tailnas.friddle.me/webman/modules/PkgManApp/images/assets/8e8f0cbd29d1ca7c1c50.png:0
[ 3117463ms] [ERROR] Failed to load resource: the server responded with a status of 502 (Bad Gateway) @ http://nas.tailnas.friddle.me/webman/modules/PkgManApp/images/assets/8a537dd4a9964dbfa77c.png:0
[ 3117465ms] [ERROR] Failed to load resource: the server responded with a status of 502 (Bad Gateway) @ http://nas.tailnas.friddle.me/webapi/entry.cgi:0
[ 3117466ms] [ERROR] null @ http://nas.tailnas.friddle.me/webman/sds/dist/dsm.sds.bundle.js?v=1763536448:0
[ 3117466ms] [ERROR] Failed to load resource: the server responded with a status of 502 (Bad Gateway) @ http://nas.tailnas.friddle.me/webapi/entry.cgi:0
[ 3117467ms] [ERROR] TypeError: Cannot read properties of null (reading 'result')
    at aa.loadData (http://nas.tailnas.friddle.me/webman/modules/ExternalDevices/EjectableDeviceList.js?v=86009-s3&SynoToken=lPqPzVv2BORi6:3:6890)
    at Object.notifyWebAPIStatus (http://nas.tailnas.friddle.me/synoSDSjslib/dist/sds.bundle.js?v=1756981479:1:130955)
    at Object.pollingCompoundCallack (http://nas.tailnas.friddle.me/synoSDSjslib/dist/sds.bundle.js?v=1756981479:1:133535)
    at q.w (http://nas.tailnas.friddle.me/synoSDSjslib/dist/sds.bundle.js?v=1756981479:1:127691)
    at http://nas.tailnas.friddle.me/synoSDSjslib/dist/sds.bundle.js?v=1756981479:1:119147 @ http://nas.tailnas.friddle.me/synoSDSjslib/dist/sds.bundle.js?v=1756981479:0
[ 3728452ms] [ERROR] Error: network error
    at H.t.onerror (http://nas.tailnas.friddle.me/scripts/synowebapi.js/synowebapi.min.js?v=1675322301:1:34852) @ http://nas.tailnas.friddle.me/synoSDSjslib/dist/sds.bundle.js?v=1756981479:0
[ 3728452ms] [ERROR] Failed to load resource: net::ERR_NETWORK_IO_SUSPENDED @ http://nas.tailnas.friddle.me/webapi/entry.cgi:0
[ 4768822ms] [ERROR] Failed to load resource: the server responded with a status of 502 (Bad Gateway) @ http://nas.tailnas.friddle.me/webapi/entry.cgi:0
[ 4768823ms] [ERROR] TypeError: Cannot read properties of null (reading 'total')
    at aa.updateStatusPollTaskCallback (http://nas.tailnas.friddle.me/webman/3rdparty/CloudSync/dscs_package.js?v=2.7.3-2721&SynoToken=lPqPzVv2BORi6:3:267560)
    at Object.notifyWebAPIStatus (http://nas.tailnas.friddle.me/synoSDSjslib/dist/sds.bundle.js?v=1756981479:1:130955)
    at Object.pollingCompoundCallack (http://nas.tailnas.friddle.me/synoSDSjslib/dist/sds.bundle.js?v=1756981479:1:133535)
    at q.w (http://nas.tailnas.friddle.me/synoSDSjslib/dist/sds.bundle.js?v=1756981479:1:127691)
    at http://nas.tailnas.friddle.me/synoSDSjslib/dist/sds.bundle.js?v=1756981479:1:119147 @ http://nas.tailnas.friddle.me/synoSDSjslib/dist/sds.bundle.js?v=1756981479:0
[ 4768824ms] [ERROR] Failed to load resource: the server responded with a status of 502 (Bad Gateway) @ http://nas.tailnas.friddle.me/webapi/entry.cgi:0
[ 4768824ms] [ERROR] Failed to load resource: the server responded with a status of 502 (Bad Gateway) @ http://nas.tailnas.friddle.me/webapi/entry.cgi:0
[ 4768825ms] [ERROR] Failed to load resource: the server responded with a status of 502 (Bad Gateway) @ http://nas.tailnas.friddle.me/webapi/entry.cgi:0
[ 4770132ms] [ERROR] Failed to load resource: the server responded with a status of 502 (Bad Gateway) @ http://nas.tailnas.friddle.me/webapi/entry.cgi:0
[ 4771896ms] [ERROR] Failed to load resource: the server responded with a status of 502 (Bad Gateway) @ http://nas.tailnas.friddle.me/webapi/entry.cgi:0
[ 4771897ms] [ERROR] null @ http://nas.tailnas.friddle.me/webman/sds/dist/dsm.sds.bundle.js?v=1763536448:0
[ 4776835ms] [ERROR] Failed to load resource: the server responded with a status of 502 (Bad Gateway) @ http://nas.tailnas.friddle.me/webapi/entry.cgi:0
[ 4776836ms] [ERROR] TypeError: Cannot read properties of null (reading 'result')
    at aa.loadData (http://nas.tailnas.friddle.me/webman/modules/ExternalDevices/EjectableDeviceList.js?v=86009-s3&SynoToken=lPqPzVv2BORi6:3:6890)
    at Object.notifyWebAPIStatus (http://nas.tailnas.friddle.me/synoSDSjslib/dist/sds.bundle.js?v=1756981479:1:130955)
    at Object.pollingCompoundCallack (http://nas.tailnas.friddle.me/synoSDSjslib/dist/sds.bundle.js?v=1756981479:1:133535)
    at q.w (http://nas.tailnas.friddle.me/synoSDSjslib/dist/sds.bundle.js?v=1756981479:1:127691)
    at http://nas.tailnas.friddle.me/synoSDSjslib/dist/sds.bundle.js?v=1756981479:1:119147 @ http://nas.tailnas.friddle.me/synoSDSjslib/dist/sds.bundle.js?v=1756981479:0
[ 5869822ms] [ERROR] Failed to load resource: the server responded with a status of 502 (Bad Gateway) @ http://nas.tailnas.friddle.me/webapi/entry.cgi:0
[ 5869823ms] [ERROR] TypeError: Cannot read properties of null (reading 'result')
    at aa.loadData (http://nas.tailnas.friddle.me/webman/modules/ExternalDevices/EjectableDeviceList.js?v=86009-s3&SynoToken=lPqPzVv2BORi6:3:6890)
    at Object.notifyWebAPIStatus (http://nas.tailnas.friddle.me/synoSDSjslib/dist/sds.bundle.js?v=1756981479:1:130955)
    at Object.pollingCompoundCallack (http://nas.tailnas.friddle.me/synoSDSjslib/dist/sds.bundle.js?v=1756981479:1:133535)
    at q.w (http://nas.tailnas.friddle.me/synoSDSjslib/dist/sds.bundle.js?v=1756981479:1:127691)
    at http://nas.tailnas.friddle.me/synoSDSjslib/dist/sds.bundle.js?v=1756981479:1:119147 @ http://nas.tailnas.friddle.me/synoSDSjslib/dist/sds.bundle.js?v=1756981479:0
[ 5869824ms] [ERROR] Failed to load resource: the server responded with a status of 502 (Bad Gateway) @ http://nas.tailnas.friddle.me/webapi/entry.cgi:0
[ 5869824ms] [ERROR] Failed to load resource: the server responded with a status of 502 (Bad Gateway) @ http://nas.tailnas.friddle.me/webapi/entry.cgi:0
[ 5869825ms] [ERROR] Failed to load resource: the server responded with a status of 502 (Bad Gateway) @ http://nas.tailnas.friddle.me/webapi/entry.cgi:0
[ 5871478ms] [ERROR] Failed to load resource: the server responded with a status of 502 (Bad Gateway) @ http://nas.tailnas.friddle.me/webapi/entry.cgi:0
[ 5871478ms] [ERROR] null @ http://nas.tailnas.friddle.me/webman/sds/dist/dsm.sds.bundle.js?v=1763536448:0
[ 6846892ms] [ERROR] Failed to load resource: the server responded with a status of 502 (Bad Gateway) @ http://nas.tailnas.friddle.me/webapi/entry.cgi:0
[ 6846893ms] [ERROR] null @ http://nas.tailnas.friddle.me/webman/sds/dist/dsm.sds.bundle.js?v=1763536448:0
[ 6846893ms] [ERROR] Failed to load resource: the server responded with a status of 502 (Bad Gateway) @ http://nas.tailnas.friddle.me/webapi/entry.cgi:0
[ 6846894ms] [ERROR] Failed to load resource: the server responded with a status of 502 (Bad Gateway) @ http://nas.tailnas.friddle.me/webapi/entry.cgi:0
[ 6846895ms] [ERROR] TypeError: Cannot read properties of null (reading 'total')
    at aa.updateStatusPollTaskCallback (http://nas.tailnas.friddle.me/webman/3rdparty/CloudSync/dscs_package.js?v=2.7.3-2721&SynoToken=lPqPzVv2BORi6:3:267560)
    at Object.notifyWebAPIStatus (http://nas.tailnas.friddle.me/synoSDSjslib/dist/sds.bundle.js?v=1756981479:1:130955)
    at Object.pollingCompoundCallack (http://nas.tailnas.friddle.me/synoSDSjslib/dist/sds.bundle.js?v=1756981479:1:133535)
    at q.w (http://nas.tailnas.friddle.me/synoSDSjslib/dist/sds.bundle.js?v=1756981479:1:127691)
    at http://nas.tailnas.friddle.me/synoSDSjslib/dist/sds.bundle.js?v=1756981479:1:119147 @ http://nas.tailnas.friddle.me/synoSDSjslib/dist/sds.bundle.js?v=1756981479:0
[ 6846895ms] [ERROR] Failed to load resource: the server responded with a status of 502 (Bad Gateway) @ http://nas.tailnas.friddle.me/webapi/entry.cgi:0
[ 6846896ms] [ERROR] Failed to load resource: the server responded with a status of 502 (Bad Gateway) @ http://nas.tailnas.friddle.me/webapi/entry.cgi:0
[ 6854903ms] [ERROR] Failed to load resource: the server responded with a status of 502 (Bad Gateway) @ http://nas.tailnas.friddle.me/webapi/entry.cgi:0
[ 6854904ms] [ERROR] TypeError: Cannot read properties of null (reading 'result')
    at aa.loadData (http://nas.tailnas.friddle.me/webman/modules/ExternalDevices/EjectableDeviceList.js?v=86009-s3&SynoToken=lPqPzVv2BORi6:3:6890)
    at Object.notifyWebAPIStatus (http://nas.tailnas.friddle.me/synoSDSjslib/dist/sds.bundle.js?v=1756981479:1:130955)
    at Object.pollingCompoundCallack (http://nas.tailnas.friddle.me/synoSDSjslib/dist/sds.bundle.js?v=1756981479:1:133535)
    at q.w (http://nas.tailnas.friddle.me/synoSDSjslib/dist/sds.bundle.js?v=1756981479:1:127691)
    at http://nas.tailnas.friddle.me/synoSDSjslib/dist/sds.bundle.js?v=1756981479:1:119147 @ http://nas.tailnas.friddle.me/synoSDSjslib/dist/sds.bundle.js?v=1756981479:0
[ 7289508ms] [ERROR] Failed to load resource: the server responded with a status of 502 (Bad Gateway) @ http://nas.tailnas.friddle.me/webapi/entry.cgi:0
[ 7289508ms] [ERROR] Failed to load resource: the server responded with a status of 502 (Bad Gateway) @ http://nas.tailnas.friddle.me/webapi/entry.cgi:0
[ 7289509ms] [ERROR] Failed to load resource: the server responded with a status of 502 (Bad Gateway) @ http://nas.tailnas.friddle.me/webapi/entry.cgi:0
[ 7291475ms] [ERROR] Failed to load resource: the server responded with a status of 502 (Bad Gateway) @ http://nas.tailnas.friddle.me/webapi/entry.cgi:0
[ 7291476ms] [ERROR] TypeError: Cannot read properties of null (reading 'total')
    at aa.updateStatusPollTaskCallback (http://nas.tailnas.friddle.me/webman/3rdparty/CloudSync/dscs_package.js?v=2.7.3-2721&SynoToken=lPqPzVv2BORi6:3:267560)
    at Object.notifyWebAPIStatus (http://nas.tailnas.friddle.me/synoSDSjslib/dist/sds.bundle.js?v=1756981479:1:130955)
    at Object.pollingCompoundCallack (http://nas.tailnas.friddle.me/synoSDSjslib/dist/sds.bundle.js?v=1756981479:1:133535)
    at q.w (http://nas.tailnas.friddle.me/synoSDSjslib/dist/sds.bundle.js?v=1756981479:1:127691)
    at http://nas.tailnas.friddle.me/synoSDSjslib/dist/sds.bundle.js?v=1756981479:1:119147 @ http://nas.tailnas.friddle.me/synoSDSjslib/dist/sds.bundle.js?v=1756981479:0
[ 7297680ms] [ERROR] Failed to load resource: the server responded with a status of 502 (Bad Gateway) @ http://nas.tailnas.friddle.me/webapi/entry.cgi:0
[ 7297681ms] [ERROR] null @ http://nas.tailnas.friddle.me/webman/sds/dist/dsm.sds.bundle.js?v=1763536448:0
[ 7557298ms] [ERROR] Failed to load resource: the server responded with a status of 502 (Bad Gateway) @ http://nas.tailnas.friddle.me/webapi/entry.cgi:0
[ 7557299ms] [ERROR] null @ http://nas.tailnas.friddle.me/webman/sds/dist/dsm.sds.bundle.js?v=1763536448:0
[ 7566379ms] [ERROR] Failed to load resource: the server responded with a status of 502 (Bad Gateway) @ http://nas.tailnas.friddle.me/webapi/entry.cgi:0
[ 7572296ms] [ERROR] Failed to load resource: the server responded with a status of 502 (Bad Gateway) @ http://nas.tailnas.friddle.me/webapi/entry.cgi:0
[ 7572297ms] [ERROR] null @ http://nas.tailnas.friddle.me/webman/sds/dist/dsm.sds.bundle.js?v=1763536448:0
[ 7602299ms] [ERROR] Failed to load resource: the server responded with a status of 502 (Bad Gateway) @ http://nas.tailnas.friddle.me/webapi/entry.cgi:0
[ 7602299ms] [ERROR] null @ http://nas.tailnas.friddle.me/webman/sds/dist/dsm.sds.bundle.js?v=1763536448:0
[ 7617295ms] [ERROR] Failed to load resource: the server responded with a status of 502 (Bad Gateway) @ http://nas.tailnas.friddle.me/webapi/entry.cgi:0
[ 7617296ms] [ERROR] null @ http://nas.tailnas.friddle.me/webman/sds/dist/dsm.sds.bundle.js?v=1763536448:0
[ 7718347ms] [ERROR] Failed to load resource: the server responded with a status of 502 (Bad Gateway) @ http://nas.tailnas.friddle.me/webapi/entry.cgi:0
[ 7793333ms] [ERROR] Failed to load resource: the server responded with a status of 502 (Bad Gateway) @ http://nas.tailnas.friddle.me/webapi/entry.cgi:0
[ 7793334ms] [ERROR] TypeError: Cannot read properties of null (reading 'total')
    at aa.updateStatusPollTaskCallback (http://nas.tailnas.friddle.me/webman/3rdparty/CloudSync/dscs_package.js?v=2.7.3-2721&SynoToken=lPqPzVv2BORi6:3:267560)
    at Object.notifyWebAPIStatus (http://nas.tailnas.friddle.me/synoSDSjslib/dist/sds.bundle.js?v=1756981479:1:130955)
    at Object.pollingCompoundCallack (http://nas.tailnas.friddle.me/synoSDSjslib/dist/sds.bundle.js?v=1756981479:1:133535)
    at q.w (http://nas.tailnas.friddle.me/synoSDSjslib/dist/sds.bundle.js?v=1756981479:1:127691)
    at http://nas.tailnas.friddle.me/synoSDSjslib/dist/sds.bundle.js?v=1756981479:1:119147 @ http://nas.tailnas.friddle.me/synoSDSjslib/dist/sds.bundle.js?v=1756981479:0
[ 7805127ms] [ERROR] Failed to load resource: the server responded with a status of 502 (Bad Gateway) @ http://nas.tailnas.friddle.me/webapi/entry.cgi:0
[ 7813648ms] [ERROR] Failed to load resource: the server responded with a status of 502 (Bad Gateway) @ http://nas.tailnas.friddle.me/webapi/entry.cgi:0
[ 7915466ms] [ERROR] Failed to load resource: the server responded with a status of 502 (Bad Gateway) @ http://nas.tailnas.friddle.me/webapi/entry.cgi:0
[ 8008878ms] [ERROR] Error: network error
    at H.t.onerror (http://nas.tailnas.friddle.me/scripts/synowebapi.js/synowebapi.min.js?v=1675322301:1:34852) @ http://nas.tailnas.friddle.me/synoSDSjslib/dist/sds.bundle.js?v=1756981479:0
[ 8008878ms] [ERROR] {isAbort: false, isTimeout: false, reason: network error, message: network error, code: 100} @ http://nas.tailnas.friddle.me/webman/sds/dist/dsm.sds.bundle.js?v=1763536448:0
[ 8008879ms] [ERROR] Failed to load resource: net::ERR_INCOMPLETE_CHUNKED_ENCODING @ http://nas.tailnas.friddle.me/webapi/entry.cgi:0
