[   93388ms] [ERROR] TypeError: e.map is not a function
    at yA (http://localhost:8899/remote/v4/assets/index-C2YX52Lo.js:38:55003)
    at SA (http://localhost:8899/remote/v4/assets/index-C2YX52Lo.js:38:56823)
    at http://localhost:8899/remote/v4/assets/index-C2YX52Lo.js:38:57529
    at Object.Cs [as useMemo] (http://localhost:8899/remote/v4/assets/toast-HRdaJheI.js:8:56285)
    at e.useMemo (http://localhost:8899/remote/v4/assets/react-DJIj0nWL.js:1:7097)
    at gIe (http://localhost:8899/remote/v4/assets/index-C2YX52Lo.js:38:57524)
    at qIe (http://localhost:8899/remote/v4/assets/index-C2YX52Lo.js:38:85858)
    at Do (http://localhost:8899/remote/v4/assets/toast-HRdaJheI.js:8:47531)
    at vc (http://localhost:8899/remote/v4/assets/toast-HRdaJheI.js:8:69963)
    at Fc (http://localhost:8899/remote/v4/assets/toast-HRdaJheI.js:8:80223) @ http://localhost:8899/remote/v4/assets/toast-HRdaJheI.js:7
[  231641ms] [ERROR] TypeError: e.map is not a function
    at yA (http://localhost:8899/remote/v4/assets/index-C2YX52Lo.js:38:55003)
    at SA (http://localhost:8899/remote/v4/assets/index-C2YX52Lo.js:38:56823)
    at http://localhost:8899/remote/v4/assets/index-C2YX52Lo.js:38:57529
    at Object.Cs [as useMemo] (http://localhost:8899/remote/v4/assets/toast-HRdaJheI.js:8:56285)
    at e.useMemo (http://localhost:8899/remote/v4/assets/react-DJIj0nWL.js:1:7097)
    at gIe (http://localhost:8899/remote/v4/assets/index-C2YX52Lo.js:38:57524)
    at qIe (http://localhost:8899/remote/v4/assets/index-C2YX52Lo.js:38:85858)
    at Do (http://localhost:8899/remote/v4/assets/toast-HRdaJheI.js:8:47531)
    at vc (http://localhost:8899/remote/v4/assets/toast-HRdaJheI.js:8:69963)
    at Fc (http://localhost:8899/remote/v4/assets/toast-HRdaJheI.js:8:80223) @ http://localhost:8899/remote/v4/assets/toast-HRdaJheI.js:7
