[    4210ms] [ERROR] TypeError: Cannot read properties of undefined (reading 'filter')
    at pf (https://zcode.z.ai/remote/v4/assets/src-sr4WyacM.js:39:86404)
    at IB (https://zcode.z.ai/remote/v4/assets/index-WmHF5PiK.js:60:123007)
    at FB (https://zcode.z.ai/remote/v4/assets/index-WmHF5PiK.js:60:122648)
    at RB (https://zcode.z.ai/remote/v4/assets/index-WmHF5PiK.js:60:123499)
    at https://zcode.z.ai/remote/v4/assets/index-WmHF5PiK.js:60:131563
    at Array.filter (<anonymous>)
    at JB (https://zcode.z.ai/remote/v4/assets/index-WmHF5PiK.js:60:131468)
    at https://zcode.z.ai/remote/v4/assets/index-WmHF5PiK.js:127:27490
    at Object.Cs [as useMemo] (https://zcode.z.ai/remote/v4/assets/toast-HRdaJheI.js:8:56285)
    at e.useMemo (https://zcode.z.ai/remote/v4/assets/react-DJIj0nWL.js:1:7097) @ https://zcode.z.ai/remote/v4/assets/toast-HRdaJheI.js:7
[  488480ms] [ERROR] TypeError: Cannot read properties of undefined (reading 'filter')
    at pf (https://zcode.z.ai/remote/v4/assets/src-sr4WyacM.js:39:86404)
    at IB (https://zcode.z.ai/remote/v4/assets/index-WmHF5PiK.js:60:123007)
    at FB (https://zcode.z.ai/remote/v4/assets/index-WmHF5PiK.js:60:122648)
    at RB (https://zcode.z.ai/remote/v4/assets/index-WmHF5PiK.js:60:123499)
    at https://zcode.z.ai/remote/v4/assets/index-WmHF5PiK.js:60:131563
    at Array.filter (<anonymous>)
    at JB (https://zcode.z.ai/remote/v4/assets/index-WmHF5PiK.js:60:131468)
    at https://zcode.z.ai/remote/v4/assets/index-WmHF5PiK.js:127:27490
    at Object.Cs [as useMemo] (https://zcode.z.ai/remote/v4/assets/toast-HRdaJheI.js:8:56285)
    at e.useMemo (https://zcode.z.ai/remote/v4/assets/react-DJIj0nWL.js:1:7097) @ https://zcode.z.ai/remote/v4/assets/toast-HRdaJheI.js:7
