[  697072ms] [ERROR] Failed to load resource: net::ERR_CONNECTION_CLOSED @ https://cdn.zcode-ai.com/zcode/config/default.json?v=3.10.2:0
[  867036ms] [ERROR] Failed to load resource: the server responded with a status of 404 (Not Found) @ https://zcode.z.ai/remote/v4/material-icons/text.svg:0
[ 1001359ms] [ERROR] Failed to load resource: the server responded with a status of 404 (Not Found) @ https://zcode.z.ai/remote/v4/material-icons/text.svg:0
[ 2605084ms] [ERROR] Failed to load resource: the server responded with a status of 404 (Not Found) @ https://zcode.z.ai/remote/v4/material-icons/text.svg:0
[ 3214192ms] [ERROR] TypeError: Cannot read properties of undefined (reading 'trim')
    at SXt (https://zcode.z.ai/remote/v4/assets/index-C2YX52Lo.js:897:59573)
    at Do (https://zcode.z.ai/remote/v4/assets/toast-HRdaJheI.js:8:47531)
    at vc (https://zcode.z.ai/remote/v4/assets/toast-HRdaJheI.js:8:69963)
    at Fc (https://zcode.z.ai/remote/v4/assets/toast-HRdaJheI.js:8:80223)
    at Mu (https://zcode.z.ai/remote/v4/assets/toast-HRdaJheI.js:8:115553)
    at ku (https://zcode.z.ai/remote/v4/assets/toast-HRdaJheI.js:8:114636)
    at Ou (https://zcode.z.ai/remote/v4/assets/toast-HRdaJheI.js:8:114475)
    at gu (https://zcode.z.ai/remote/v4/assets/toast-HRdaJheI.js:8:111344)
    at ld (https://zcode.z.ai/remote/v4/assets/toast-HRdaJheI.js:8:122961)
    at id (https://zcode.z.ai/remote/v4/assets/toast-HRdaJheI.js:8:121525) @ https://zcode.z.ai/remote/v4/assets/toast-HRdaJheI.js:7
[ 3226315ms] [ERROR] TypeError: Cannot read properties of undefined (reading 'trim')
    at SXt (https://zcode.z.ai/remote/v4/assets/index-C2YX52Lo.js:897:59573)
    at Do (https://zcode.z.ai/remote/v4/assets/toast-HRdaJheI.js:8:47531)
    at vc (https://zcode.z.ai/remote/v4/assets/toast-HRdaJheI.js:8:69963)
    at Fc (https://zcode.z.ai/remote/v4/assets/toast-HRdaJheI.js:8:80223)
    at Mu (https://zcode.z.ai/remote/v4/assets/toast-HRdaJheI.js:8:115553)
    at ku (https://zcode.z.ai/remote/v4/assets/toast-HRdaJheI.js:8:114636)
    at Ou (https://zcode.z.ai/remote/v4/assets/toast-HRdaJheI.js:8:114475)
    at gu (https://zcode.z.ai/remote/v4/assets/toast-HRdaJheI.js:8:111344)
    at ld (https://zcode.z.ai/remote/v4/assets/toast-HRdaJheI.js:8:122961)
    at id (https://zcode.z.ai/remote/v4/assets/toast-HRdaJheI.js:8:121525) @ https://zcode.z.ai/remote/v4/assets/toast-HRdaJheI.js:7
[ 3302171ms] [ERROR] TypeError: Cannot read properties of undefined (reading 'trim')
    at SXt (https://zcode.z.ai/remote/v4/assets/index-C2YX52Lo.js:897:59573)
    at Do (https://zcode.z.ai/remote/v4/assets/toast-HRdaJheI.js:8:47531)
    at vc (https://zcode.z.ai/remote/v4/assets/toast-HRdaJheI.js:8:69963)
    at Fc (https://zcode.z.ai/remote/v4/assets/toast-HRdaJheI.js:8:80223)
    at Mu (https://zcode.z.ai/remote/v4/assets/toast-HRdaJheI.js:8:115553)
    at ku (https://zcode.z.ai/remote/v4/assets/toast-HRdaJheI.js:8:114636)
    at Ou (https://zcode.z.ai/remote/v4/assets/toast-HRdaJheI.js:8:114475)
    at gu (https://zcode.z.ai/remote/v4/assets/toast-HRdaJheI.js:8:111344)
    at ld (https://zcode.z.ai/remote/v4/assets/toast-HRdaJheI.js:8:122961)
    at id (https://zcode.z.ai/remote/v4/assets/toast-HRdaJheI.js:8:121525) @ https://zcode.z.ai/remote/v4/assets/toast-HRdaJheI.js:7
[ 3323381ms] [ERROR] TypeError: Cannot read properties of undefined (reading 'trim')
    at SXt (https://zcode.z.ai/remote/v4/assets/index-C2YX52Lo.js:897:59573)
    at Do (https://zcode.z.ai/remote/v4/assets/toast-HRdaJheI.js:8:47531)
    at vc (https://zcode.z.ai/remote/v4/assets/toast-HRdaJheI.js:8:69963)
    at Fc (https://zcode.z.ai/remote/v4/assets/toast-HRdaJheI.js:8:80223)
    at Mu (https://zcode.z.ai/remote/v4/assets/toast-HRdaJheI.js:8:115553)
    at ku (https://zcode.z.ai/remote/v4/assets/toast-HRdaJheI.js:8:114636)
    at Ou (https://zcode.z.ai/remote/v4/assets/toast-HRdaJheI.js:8:114475)
    at gu (https://zcode.z.ai/remote/v4/assets/toast-HRdaJheI.js:8:111344)
    at ld (https://zcode.z.ai/remote/v4/assets/toast-HRdaJheI.js:8:122961)
    at id (https://zcode.z.ai/remote/v4/assets/toast-HRdaJheI.js:8:121525) @ https://zcode.z.ai/remote/v4/assets/toast-HRdaJheI.js:7
[ 3513984ms] [ERROR] Failed to load resource: the server responded with a status of 404 (Not Found) @ https://zcode.z.ai/remote/v4/material-icons/text.svg:0
